// Jest Snapshot v1, https://goo.gl/fbAQLP

exports[`Home Page should render home page 1`] = `
<React.Fragment>
  <Head>
    <title>
      Create Next App
    </title>
    <meta
      content="Generated by create next app"
      name="description"
    />
    <link
      href="/favicon.ico"
      rel="icon"
    />
  </Head>
  <main
    className="mx-[40px] mt-[64px]"
  >
    <button
      onClick={[Function]}
      type="button"
    >
      Modal
    </button>
    <ModalComponent
      handleShowModal={[Function]}
      showModal={false}
    />
  </main>
</React.Fragment>
`;
